[2022-02-25T18:14:58.009-0700][gc,heap] Heap region size: 1M
[2022-02-25T18:14:58.018-0700][gc     ] Using G1
[2022-02-25T18:14:58.018-0700][gc,heap,coops] Heap address: 0x00000007c0000000, size: 1024 MB, Compressed Oops mode: Zero based, Oop shift amount: 3
[2022-02-25T18:14:58.018-0700][gc,cds       ] Mark closed archive regions in map: [0x00000007fff00000, 0x00000007fff76ff8]
[2022-02-25T18:14:58.018-0700][gc,cds       ] Mark open archive regions in map: [0x00000007ffe00000, 0x00000007ffe46ff8]
[2022-02-25T18:14:58.035-0700][gc           ] Periodic GC disabled
[2022-02-25T18:14:59.416-0700][gc,start     ] GC(0) Pause Young (Normal) (G1 Evacuation Pause)
[2022-02-25T18:14:59.416-0700][gc,task      ] GC(0) Using 8 workers of 8 for evacuation
[2022-02-25T18:14:59.427-0700][gc,phases    ] GC(0)   Pre Evacuate Collection Set: 0.0ms
[2022-02-25T18:14:59.427-0700][gc,phases    ] GC(0)   Evacuate Collection Set: 9.9ms
[2022-02-25T18:14:59.427-0700][gc,phases    ] GC(0)   Post Evacuate Collection Set: 0.4ms
[2022-02-25T18:14:59.427-0700][gc,phases    ] GC(0)   Other: 0.6ms
[2022-02-25T18:14:59.427-0700][gc,heap      ] GC(0) Eden regions: 51->0(44)
[2022-02-25T18:14:59.427-0700][gc,heap      ] GC(0) Survivor regions: 0->7(7)
[2022-02-25T18:14:59.427-0700][gc,heap      ] GC(0) Old regions: 0->0
[2022-02-25T18:14:59.427-0700][gc,heap      ] GC(0) Archive regions: 2->2
[2022-02-25T18:14:59.427-0700][gc,heap      ] GC(0) Humongous regions: 0->0
[2022-02-25T18:14:59.427-0700][gc,metaspace ] GC(0) Metaspace: 13905K->13905K(1062912K)
[2022-02-25T18:14:59.427-0700][gc           ] GC(0) Pause Young (Normal) (G1 Evacuation Pause) 51M->7M(1024M) 11.110ms
[2022-02-25T18:14:59.427-0700][gc,cpu       ] GC(0) User=0.02s Sys=0.02s Real=0.01s
[2022-02-25T18:15:00.655-0700][gc,start     ] GC(1) Pause Young (Concurrent Start) (Metadata GC Threshold)
[2022-02-25T18:15:00.656-0700][gc,task      ] GC(1) Using 8 workers of 8 for evacuation
[2022-02-25T18:15:00.666-0700][gc,phases    ] GC(1)   Pre Evacuate Collection Set: 0.1ms
[2022-02-25T18:15:00.666-0700][gc,phases    ] GC(1)   Evacuate Collection Set: 9.4ms
[2022-02-25T18:15:00.666-0700][gc,phases    ] GC(1)   Post Evacuate Collection Set: 0.4ms
[2022-02-25T18:15:00.666-0700][gc,phases    ] GC(1)   Other: 0.6ms
[2022-02-25T18:15:00.666-0700][gc,heap      ] GC(1) Eden regions: 32->0(49)
[2022-02-25T18:15:00.666-0700][gc,heap      ] GC(1) Survivor regions: 7->2(7)
[2022-02-25T18:15:00.666-0700][gc,heap      ] GC(1) Old regions: 0->7
[2022-02-25T18:15:00.666-0700][gc,heap      ] GC(1) Archive regions: 2->2
[2022-02-25T18:15:00.666-0700][gc,heap      ] GC(1) Humongous regions: 0->0
[2022-02-25T18:15:00.666-0700][gc,metaspace ] GC(1) Metaspace: 20669K->20669K(1067008K)
[2022-02-25T18:15:00.666-0700][gc           ] GC(1) Pause Young (Concurrent Start) (Metadata GC Threshold) 38M->8M(1024M) 10.571ms
[2022-02-25T18:15:00.666-0700][gc,cpu       ] GC(1) User=0.04s Sys=0.00s Real=0.01s
[2022-02-25T18:15:00.666-0700][gc           ] GC(2) Concurrent Cycle
[2022-02-25T18:15:00.666-0700][gc,marking   ] GC(2) Concurrent Clear Claimed Marks
[2022-02-25T18:15:00.666-0700][gc,marking   ] GC(2) Concurrent Clear Claimed Marks 0.025ms
[2022-02-25T18:15:00.666-0700][gc,marking   ] GC(2) Concurrent Scan Root Regions
[2022-02-25T18:15:00.669-0700][gc,marking   ] GC(2) Concurrent Scan Root Regions 2.983ms
[2022-02-25T18:15:00.669-0700][gc,marking   ] GC(2) Concurrent Mark (2.668s)
[2022-02-25T18:15:00.669-0700][gc,marking   ] GC(2) Concurrent Mark From Roots
[2022-02-25T18:15:00.669-0700][gc,task      ] GC(2) Using 2 workers of 2 for marking
[2022-02-25T18:15:00.671-0700][gc,marking   ] GC(2) Concurrent Mark From Roots 1.653ms
[2022-02-25T18:15:00.671-0700][gc,marking   ] GC(2) Concurrent Preclean
[2022-02-25T18:15:00.671-0700][gc,marking   ] GC(2) Concurrent Preclean 0.048ms
[2022-02-25T18:15:00.671-0700][gc,marking   ] GC(2) Concurrent Mark (2.668s, 2.670s) 1.788ms
[2022-02-25T18:15:00.671-0700][gc,start     ] GC(2) Pause Remark
[2022-02-25T18:15:00.672-0700][gc           ] GC(2) Pause Remark 8M->8M(1024M) 1.002ms
[2022-02-25T18:15:00.672-0700][gc,cpu       ] GC(2) User=0.01s Sys=0.00s Real=0.00s
[2022-02-25T18:15:00.672-0700][gc,marking   ] GC(2) Concurrent Rebuild Remembered Sets
[2022-02-25T18:15:00.675-0700][gc,marking   ] GC(2) Concurrent Rebuild Remembered Sets 3.064ms
[2022-02-25T18:15:00.696-0700][gc,start     ] GC(2) Pause Cleanup
[2022-02-25T18:15:00.696-0700][gc           ] GC(2) Pause Cleanup 8M->8M(1024M) 0.091ms
[2022-02-25T18:15:00.696-0700][gc,cpu       ] GC(2) User=0.01s Sys=0.00s Real=0.00s
[2022-02-25T18:15:00.696-0700][gc,marking   ] GC(2) Concurrent Cleanup for Next Mark
[2022-02-25T18:15:00.704-0700][gc,marking   ] GC(2) Concurrent Cleanup for Next Mark 7.414ms
[2022-02-25T18:15:00.705-0700][gc           ] GC(2) Concurrent Cycle 39.075ms
[2022-02-25T18:15:01.381-0700][gc,start     ] GC(3) Pause Young (Normal) (G1 Evacuation Pause)
[2022-02-25T18:15:01.381-0700][gc,task      ] GC(3) Using 8 workers of 8 for evacuation
[2022-02-25T18:15:01.385-0700][gc,phases    ] GC(3)   Pre Evacuate Collection Set: 0.0ms
[2022-02-25T18:15:01.385-0700][gc,phases    ] GC(3)   Evacuate Collection Set: 2.9ms
[2022-02-25T18:15:01.385-0700][gc,phases    ] GC(3)   Post Evacuate Collection Set: 0.2ms
[2022-02-25T18:15:01.385-0700][gc,phases    ] GC(3)   Other: 0.2ms
[2022-02-25T18:15:01.385-0700][gc,heap      ] GC(3) Eden regions: 49->0(46)
[2022-02-25T18:15:01.385-0700][gc,heap      ] GC(3) Survivor regions: 2->5(7)
[2022-02-25T18:15:01.385-0700][gc,heap      ] GC(3) Old regions: 7->7
[2022-02-25T18:15:01.385-0700][gc,heap      ] GC(3) Archive regions: 2->2
[2022-02-25T18:15:01.385-0700][gc,heap      ] GC(3) Humongous regions: 129->129
[2022-02-25T18:15:01.385-0700][gc,metaspace ] GC(3) Metaspace: 28741K->28741K(1075200K)
[2022-02-25T18:15:01.385-0700][gc           ] GC(3) Pause Young (Normal) (G1 Evacuation Pause) 186M->140M(1024M) 3.429ms
[2022-02-25T18:15:01.385-0700][gc,cpu       ] GC(3) User=0.02s Sys=0.00s Real=0.00s
[2022-02-25T18:15:01.818-0700][gc,start     ] GC(4) Pause Young (Concurrent Start) (Metadata GC Threshold)
[2022-02-25T18:15:01.818-0700][gc,task      ] GC(4) Using 8 workers of 8 for evacuation
[2022-02-25T18:15:01.825-0700][gc,phases    ] GC(4)   Pre Evacuate Collection Set: 0.1ms
[2022-02-25T18:15:01.825-0700][gc,phases    ] GC(4)   Evacuate Collection Set: 6.3ms
[2022-02-25T18:15:01.825-0700][gc,phases    ] GC(4)   Post Evacuate Collection Set: 0.3ms
[2022-02-25T18:15:01.825-0700][gc,phases    ] GC(4)   Other: 0.2ms
[2022-02-25T18:15:01.825-0700][gc,heap      ] GC(4) Eden regions: 31->0(45)
[2022-02-25T18:15:01.825-0700][gc,heap      ] GC(4) Survivor regions: 5->6(7)
[2022-02-25T18:15:01.825-0700][gc,heap      ] GC(4) Old regions: 7->8
[2022-02-25T18:15:01.825-0700][gc,heap      ] GC(4) Archive regions: 2->2
[2022-02-25T18:15:01.825-0700][gc,heap      ] GC(4) Humongous regions: 129->129
[2022-02-25T18:15:01.825-0700][gc,metaspace ] GC(4) Metaspace: 34567K->34567K(1081344K)
[2022-02-25T18:15:01.825-0700][gc           ] GC(4) Pause Young (Concurrent Start) (Metadata GC Threshold) 171M->142M(1024M) 7.127ms
[2022-02-25T18:15:01.825-0700][gc,cpu       ] GC(4) User=0.03s Sys=0.00s Real=0.01s
[2022-02-25T18:15:01.825-0700][gc           ] GC(5) Concurrent Cycle
[2022-02-25T18:15:01.825-0700][gc,marking   ] GC(5) Concurrent Clear Claimed Marks
[2022-02-25T18:15:01.825-0700][gc,marking   ] GC(5) Concurrent Clear Claimed Marks 0.057ms
[2022-02-25T18:15:01.825-0700][gc,marking   ] GC(5) Concurrent Scan Root Regions
[2022-02-25T18:15:01.829-0700][gc,marking   ] GC(5) Concurrent Scan Root Regions 3.874ms
[2022-02-25T18:15:01.829-0700][gc,marking   ] GC(5) Concurrent Mark (3.828s)
[2022-02-25T18:15:01.829-0700][gc,marking   ] GC(5) Concurrent Mark From Roots
[2022-02-25T18:15:01.829-0700][gc,task      ] GC(5) Using 2 workers of 2 for marking
[2022-02-25T18:15:01.835-0700][gc,marking   ] GC(5) Concurrent Mark From Roots 5.696ms
[2022-02-25T18:15:01.851-0700][gc,marking   ] GC(5) Concurrent Preclean
[2022-02-25T18:15:01.851-0700][gc,marking   ] GC(5) Concurrent Preclean 0.093ms
[2022-02-25T18:15:01.851-0700][gc,marking   ] GC(5) Concurrent Mark (3.828s, 3.850s) 21.735ms
[2022-02-25T18:15:01.851-0700][gc,start     ] GC(5) Pause Remark
[2022-02-25T18:15:01.853-0700][gc           ] GC(5) Pause Remark 144M->144M(1024M) 1.549ms
[2022-02-25T18:15:01.853-0700][gc,cpu       ] GC(5) User=0.01s Sys=0.00s Real=0.00s
[2022-02-25T18:15:01.853-0700][gc,marking   ] GC(5) Concurrent Rebuild Remembered Sets
[2022-02-25T18:15:01.857-0700][gc,marking   ] GC(5) Concurrent Rebuild Remembered Sets 4.161ms
[2022-02-25T18:15:01.857-0700][gc,start     ] GC(5) Pause Cleanup
[2022-02-25T18:15:01.858-0700][gc           ] GC(5) Pause Cleanup 145M->145M(1024M) 0.184ms
[2022-02-25T18:15:01.858-0700][gc,cpu       ] GC(5) User=0.00s Sys=0.00s Real=0.00s
[2022-02-25T18:15:01.858-0700][gc,marking   ] GC(5) Concurrent Cleanup for Next Mark
[2022-02-25T18:15:01.866-0700][gc,marking   ] GC(5) Concurrent Cleanup for Next Mark 7.867ms
[2022-02-25T18:15:01.866-0700][gc           ] GC(5) Concurrent Cycle 40.226ms
[2022-02-25T18:52:48.300-0700][gc,start     ] GC(6) Pause Young (Concurrent Start) (G1 Evacuation Pause)
[2022-02-25T18:52:48.301-0700][gc,task      ] GC(6) Using 8 workers of 8 for evacuation
[2022-02-25T18:52:48.323-0700][gc,mmu       ] GC(6) MMU target violated: 21.0ms (20.0ms/21.0ms)
[2022-02-25T18:52:48.323-0700][gc,phases    ] GC(6)   Pre Evacuate Collection Set: 0.6ms
[2022-02-25T18:52:48.323-0700][gc,phases    ] GC(6)   Evacuate Collection Set: 19.5ms
[2022-02-25T18:52:48.323-0700][gc,phases    ] GC(6)   Post Evacuate Collection Set: 0.5ms
[2022-02-25T18:52:48.323-0700][gc,phases    ] GC(6)   Other: 2.3ms
[2022-02-25T18:52:48.323-0700][gc,heap      ] GC(6) Eden regions: 45->0(47)
[2022-02-25T18:52:48.323-0700][gc,heap      ] GC(6) Survivor regions: 6->4(7)
[2022-02-25T18:52:48.323-0700][gc,heap      ] GC(6) Old regions: 8->11
[2022-02-25T18:52:48.323-0700][gc,heap      ] GC(6) Archive regions: 2->2
[2022-02-25T18:52:48.323-0700][gc,heap      ] GC(6) Humongous regions: 129->129
[2022-02-25T18:52:48.323-0700][gc,metaspace ] GC(6) Metaspace: 39947K->39947K(1085440K)
[2022-02-25T18:52:48.323-0700][gc           ] GC(6) Pause Young (Concurrent Start) (G1 Evacuation Pause) 187M->143M(1024M) 22.799ms
[2022-02-25T18:52:48.323-0700][gc,cpu       ] GC(6) User=0.03s Sys=0.05s Real=0.02s
[2022-02-25T18:52:48.323-0700][gc           ] GC(7) Concurrent Cycle
[2022-02-25T18:52:48.323-0700][gc,marking   ] GC(7) Concurrent Clear Claimed Marks
[2022-02-25T18:52:48.323-0700][gc,marking   ] GC(7) Concurrent Clear Claimed Marks 0.056ms
[2022-02-25T18:52:48.323-0700][gc,marking   ] GC(7) Concurrent Scan Root Regions
[2022-02-25T18:52:48.327-0700][gc,marking   ] GC(7) Concurrent Scan Root Regions 3.582ms
[2022-02-25T18:52:48.344-0700][gc,marking   ] GC(7) Concurrent Mark (2270.365s)
[2022-02-25T18:52:48.344-0700][gc,marking   ] GC(7) Concurrent Mark From Roots
[2022-02-25T18:52:48.344-0700][gc,task      ] GC(7) Using 2 workers of 2 for marking
[2022-02-25T18:52:48.351-0700][gc,marking   ] GC(7) Concurrent Mark From Roots 7.434ms
[2022-02-25T18:52:48.351-0700][gc,marking   ] GC(7) Concurrent Preclean
[2022-02-25T18:52:48.351-0700][gc,marking   ] GC(7) Concurrent Preclean 0.121ms
[2022-02-25T18:52:48.351-0700][gc,marking   ] GC(7) Concurrent Mark (2270.365s, 2270.373s) 7.695ms
[2022-02-25T18:52:48.352-0700][gc,start     ] GC(7) Pause Remark
[2022-02-25T18:52:48.369-0700][gc           ] GC(7) Pause Remark 143M->143M(1024M) 17.610ms
[2022-02-25T18:52:48.369-0700][gc,cpu       ] GC(7) User=0.02s Sys=0.06s Real=0.01s
[2022-02-25T18:52:48.369-0700][gc,marking   ] GC(7) Concurrent Rebuild Remembered Sets
[2022-02-25T18:52:48.373-0700][gc,marking   ] GC(7) Concurrent Rebuild Remembered Sets 3.797ms
[2022-02-25T18:52:48.373-0700][gc,start     ] GC(7) Pause Cleanup
[2022-02-25T18:52:48.374-0700][gc           ] GC(7) Pause Cleanup 143M->143M(1024M) 0.163ms
[2022-02-25T18:52:48.374-0700][gc,cpu       ] GC(7) User=0.00s Sys=0.00s Real=0.00s
[2022-02-25T18:52:48.374-0700][gc,marking   ] GC(7) Concurrent Cleanup for Next Mark
[2022-02-25T18:52:48.380-0700][gc,marking   ] GC(7) Concurrent Cleanup for Next Mark 6.284ms
[2022-02-25T18:52:48.380-0700][gc           ] GC(7) Concurrent Cycle 57.006ms
[2022-02-25T18:58:47.695-0700][gc,start     ] GC(8) Pause Young (Normal) (G1 Evacuation Pause)
[2022-02-25T18:58:47.696-0700][gc,task      ] GC(8) Using 8 workers of 8 for evacuation
[2022-02-25T18:58:47.706-0700][gc,phases    ] GC(8)   Pre Evacuate Collection Set: 0.0ms
[2022-02-25T18:58:47.707-0700][gc,phases    ] GC(8)   Evacuate Collection Set: 9.7ms
[2022-02-25T18:58:47.707-0700][gc,phases    ] GC(8)   Post Evacuate Collection Set: 0.9ms
[2022-02-25T18:58:47.707-0700][gc,phases    ] GC(8)   Other: 1.2ms
[2022-02-25T18:58:47.707-0700][gc,heap      ] GC(8) Eden regions: 47->0(45)
[2022-02-25T18:58:47.707-0700][gc,heap      ] GC(8) Survivor regions: 4->6(7)
[2022-02-25T18:58:47.707-0700][gc,heap      ] GC(8) Old regions: 11->11
[2022-02-25T18:58:47.707-0700][gc,heap      ] GC(8) Archive regions: 2->2
[2022-02-25T18:58:47.707-0700][gc,heap      ] GC(8) Humongous regions: 129->129
[2022-02-25T18:58:47.707-0700][gc,metaspace ] GC(8) Metaspace: 43607K->43607K(1089536K)
[2022-02-25T18:58:47.707-0700][gc           ] GC(8) Pause Young (Normal) (G1 Evacuation Pause) 190M->146M(1024M) 12.002ms
[2022-02-25T18:58:47.707-0700][gc,cpu       ] GC(8) User=0.04s Sys=0.02s Real=0.01s
[2022-02-25T18:58:54.246-0700][gc,heap,exit ] Heap
[2022-02-25T18:58:54.246-0700][gc,heap,exit ]  garbage-first heap   total 1048576K, used 156818K [0x00000007c0000000, 0x0000000800000000)
[2022-02-25T18:58:54.246-0700][gc,heap,exit ]   region size 1024K, 14 young (14336K), 6 survivors (6144K)
[2022-02-25T18:58:54.246-0700][gc,heap,exit ]  Metaspace       used 44045K, capacity 46866K, committed 47052K, reserved 1089536K
[2022-02-25T18:58:54.246-0700][gc,heap,exit ]   class space    used 5894K, capacity 7283K, committed 7372K, reserved 1048576K
