[2022-02-25T18:06:29.641-0700][gc,heap] Heap region size: 1M
[2022-02-25T18:06:29.650-0700][gc     ] Using G1
[2022-02-25T18:06:29.650-0700][gc,heap,coops] Heap address: 0x00000007c0000000, size: 1024 MB, Compressed Oops mode: Zero based, Oop shift amount: 3
[2022-02-25T18:06:29.650-0700][gc,cds       ] Mark closed archive regions in map: [0x00000007fff00000, 0x00000007fff76ff8]
[2022-02-25T18:06:29.650-0700][gc,cds       ] Mark open archive regions in map: [0x00000007ffe00000, 0x00000007ffe46ff8]
[2022-02-25T18:06:29.667-0700][gc           ] Periodic GC disabled
[2022-02-25T18:06:31.007-0700][gc,start     ] GC(0) Pause Young (Normal) (G1 Evacuation Pause)
[2022-02-25T18:06:31.008-0700][gc,task      ] GC(0) Using 8 workers of 8 for evacuation
[2022-02-25T18:06:31.016-0700][gc,phases    ] GC(0)   Pre Evacuate Collection Set: 0.0ms
[2022-02-25T18:06:31.016-0700][gc,phases    ] GC(0)   Evacuate Collection Set: 8.1ms
[2022-02-25T18:06:31.016-0700][gc,phases    ] GC(0)   Post Evacuate Collection Set: 0.5ms
[2022-02-25T18:06:31.016-0700][gc,phases    ] GC(0)   Other: 0.7ms
[2022-02-25T18:06:31.017-0700][gc,heap      ] GC(0) Eden regions: 51->0(44)
[2022-02-25T18:06:31.017-0700][gc,heap      ] GC(0) Survivor regions: 0->7(7)
[2022-02-25T18:06:31.017-0700][gc,heap      ] GC(0) Old regions: 0->0
[2022-02-25T18:06:31.017-0700][gc,heap      ] GC(0) Archive regions: 2->2
[2022-02-25T18:06:31.017-0700][gc,heap      ] GC(0) Humongous regions: 0->0
[2022-02-25T18:06:31.017-0700][gc,metaspace ] GC(0) Metaspace: 14039K->14039K(1062912K)
[2022-02-25T18:06:31.017-0700][gc           ] GC(0) Pause Young (Normal) (G1 Evacuation Pause) 51M->7M(1024M) 9.408ms
[2022-02-25T18:06:31.017-0700][gc,cpu       ] GC(0) User=0.03s Sys=0.01s Real=0.01s
[2022-02-25T18:06:50.023-0700][gc,heap,exit ] Heap
[2022-02-25T18:06:50.023-0700][gc,heap,exit ]  garbage-first heap   total 1048576K, used 13322K [0x00000007c0000000, 0x0000000800000000)
[2022-02-25T18:06:50.023-0700][gc,heap,exit ]   region size 1024K, 14 young (14336K), 7 survivors (7168K)
[2022-02-25T18:06:50.023-0700][gc,heap,exit ]  Metaspace       used 15121K, capacity 15520K, committed 15744K, reserved 1062912K
[2022-02-25T18:06:50.023-0700][gc,heap,exit ]   class space    used 1893K, capacity 2064K, committed 2176K, reserved 1048576K
