[2022-02-25T18:12:39.124-0700][gc,heap] Heap region size: 1M
[2022-02-25T18:12:39.129-0700][gc     ] Using G1
[2022-02-25T18:12:39.129-0700][gc,heap,coops] Heap address: 0x00000007e0000000, size: 512 MB, Compressed Oops mode: Zero based, Oop shift amount: 3
[2022-02-25T18:12:39.130-0700][gc,cds       ] Mark closed archive regions in map: [0x00000007fff00000, 0x00000007fff76ff8]
[2022-02-25T18:12:39.130-0700][gc,cds       ] Mark open archive regions in map: [0x00000007ffe00000, 0x00000007ffe46ff8]
[2022-02-25T18:12:39.145-0700][gc           ] Periodic GC disabled
[2022-02-25T18:12:39.825-0700][gc,start     ] GC(0) Pause Young (Normal) (G1 Evacuation Pause)
[2022-02-25T18:12:39.826-0700][gc,task      ] GC(0) Using 8 workers of 8 for evacuation
[2022-02-25T18:12:39.835-0700][gc,phases    ] GC(0)   Pre Evacuate Collection Set: 0.0ms
[2022-02-25T18:12:39.835-0700][gc,phases    ] GC(0)   Evacuate Collection Set: 8.6ms
[2022-02-25T18:12:39.835-0700][gc,phases    ] GC(0)   Post Evacuate Collection Set: 0.3ms
[2022-02-25T18:12:39.835-0700][gc,phases    ] GC(0)   Other: 0.4ms
[2022-02-25T18:12:39.835-0700][gc,heap      ] GC(0) Eden regions: 25->0(21)
[2022-02-25T18:12:39.835-0700][gc,heap      ] GC(0) Survivor regions: 0->4(4)
[2022-02-25T18:12:39.835-0700][gc,heap      ] GC(0) Old regions: 0->3
[2022-02-25T18:12:39.835-0700][gc,heap      ] GC(0) Archive regions: 2->2
[2022-02-25T18:12:39.835-0700][gc,heap      ] GC(0) Humongous regions: 0->0
[2022-02-25T18:12:39.835-0700][gc,metaspace ] GC(0) Metaspace: 7081K->7081K(1056768K)
[2022-02-25T18:12:39.835-0700][gc           ] GC(0) Pause Young (Normal) (G1 Evacuation Pause) 25M->7M(512M) 9.407ms
[2022-02-25T18:12:39.835-0700][gc,cpu       ] GC(0) User=0.03s Sys=0.01s Real=0.01s
